git





linyu@DESKTOP-MDE4CUI MINGW64 ~/Desktop/swiper (master)
$ git remote add origin https://github.com/useRnamEoFminE/learngit.git

linyu@DESKTOP-MDE4CUI MINGW64 ~/Desktop/swiper (master)
$  git push -u origin master




Enumerating objects: 3, done.
Counting objects: 100% (3/3), done.
Delta compression using up to 6 threads
Compressing objects: 100% (2/2), done.
Writing objects: 100% (3/3), 220 bytes | 220.00 KiB/s, done.
Total 3 (delta 0), reused 0 (delta 0)
To https://github.com/useRnamEoFminE/learngit.git
 * [new branch]      master -> master
Branch 'master' set up to track remote branch 'master' from 'origin'.

linyu@DESKTOP-MDE4CUI MINGW64 ~/Desktop/swiper (master)
$

linyu@DESKTOP-MDE4CUI MINGW64 ~/Desktop/swiper (master)
$

linyu@DESKTOP-MDE4CUI MINGW64 ~/Desktop/swiper (master)
$

linyu@DESKTOP-MDE4CUI MINGW64 ~/Desktop/swiper (master)
$

linyu@DESKTOP-MDE4CUI MINGW64 ~/Desktop/swiper (master)
$ git commit a
error: pathspec 'a' did not match any file(s) known to git

linyu@DESKTOP-MDE4CUI MINGW64 ~/Desktop/swiper (master)
$ git add 新建文本文档.txt

linyu@DESKTOP-MDE4CUI MINGW64 ~/Desktop/swiper (master)
$ git commit -m"v2"
[master 90192ac] v2
 1 file changed, 1 insertion(+)

linyu@DESKTOP-MDE4CUI MINGW64 ~/Desktop/swiper (master)
$ git pull
Already up to date.

linyu@DESKTOP-MDE4CUI MINGW64 ~/Desktop/swiper (master)
$ git add qwe.txt

linyu@DESKTOP-MDE4CUI MINGW64 ~/Desktop/swiper (master)
$ git commit -m"v3"
[master c76af9e] v3
 1 file changed, 1 insertion(+)
 create mode 100644 qwe.txt

linyu@DESKTOP-MDE4CUI MINGW64 ~/Desktop/swiper (master)
$ git pull
Already up to date.

linyu@DESKTOP-MDE4CUI MINGW64 ~/Desktop/swiper (master)
$ ssh-keygen -t rsa -b 4096 -C"a12b12ab@outlook.com"
Generating public/private rsa key pair.
Enter file in which to save the key (/c/Users/linyu/.ssh/id_rsa):
Enter passphrase (empty for no passphrase):


linyu@DESKTOP-MDE4CUI MINGW64 ~/Desktop/swiper (master)
$

linyu@DESKTOP-MDE4CUI MINGW64 ~/Desktop/swiper (master)
$

linyu@DESKTOP-MDE4CUI MINGW64 ~/Desktop/swiper (master)
$

linyu@DESKTOP-MDE4CUI MINGW64 ~/Desktop/swiper (master)
$
